Archive member included to satisfy reference by file (symbol)

C:/ST/STM32CubeIDE_1.13.1/STM32CubeIDE/plugins/com.st.stm32cube.ide.mcu.externaltools.gnu-tools-for-stm32.11.3.rel1.win32_1.1.100.202309141235/tools/bin/../lib/gcc/arm-none-eabi/11.3.1/../../../../arm-none-eabi/lib/thumb/v7e-m+fp/hard\libc_nano.a(libc_a-exit.o)
                              C:/ST/STM32CubeIDE_1.13.1/STM32CubeIDE/plugins/com.st.stm32cube.ide.mcu.externaltools.gnu-tools-for-stm32.11.3.rel1.win32_1.1.100.202309141235/tools/bin/../lib/gcc/arm-none-eabi/11.3.1/../../../../arm-none-eabi/lib/thumb/v7e-m+fp/hard/crt0.o (exit)
C:/ST/STM32CubeIDE_1.13.1/STM32CubeIDE/plugins/com.st.stm32cube.ide.mcu.externaltools.gnu-tools-for-stm32.11.3.rel1.win32_1.1.100.202309141235/tools/bin/../lib/gcc/arm-none-eabi/11.3.1/../../../../arm-none-eabi/lib/thumb/v7e-m+fp/hard\libc_nano.a(libc_a-findfp.o)
                              C:/ST/STM32CubeIDE_1.13.1/STM32CubeIDE/plugins/com.st.stm32cube.ide.mcu.externaltools.gnu-tools-for-stm32.11.3.rel1.win32_1.1.100.202309141235/tools/bin/../lib/gcc/arm-none-eabi/11.3.1/../../../../arm-none-eabi/lib/thumb/v7e-m+fp/hard\libc_nano.a(libc_a-exit.o) (__stdio_exit_handler)
C:/ST/STM32CubeIDE_1.13.1/STM32CubeIDE/plugins/com.st.stm32cube.ide.mcu.externaltools.gnu-tools-for-stm32.11.3.rel1.win32_1.1.100.202309141235/tools/bin/../lib/gcc/arm-none-eabi/11.3.1/../../../../arm-none-eabi/lib/thumb/v7e-m+fp/hard\libc_nano.a(libc_a-fwalk.o)
                              C:/ST/STM32CubeIDE_1.13.1/STM32CubeIDE/plugins/com.st.stm32cube.ide.mcu.externaltools.gnu-tools-for-stm32.11.3.rel1.win32_1.1.100.202309141235/tools/bin/../lib/gcc/arm-none-eabi/11.3.1/../../../../arm-none-eabi/lib/thumb/v7e-m+fp/hard\libc_nano.a(libc_a-findfp.o) (_fwalk_sglue)
C:/ST/STM32CubeIDE_1.13.1/STM32CubeIDE/plugins/com.st.stm32cube.ide.mcu.externaltools.gnu-tools-for-stm32.11.3.rel1.win32_1.1.100.202309141235/tools/bin/../lib/gcc/arm-none-eabi/11.3.1/../../../../arm-none-eabi/lib/thumb/v7e-m+fp/hard\libc_nano.a(libc_a-stdio.o)
                              C:/ST/STM32CubeIDE_1.13.1/STM32CubeIDE/plugins/com.st.stm32cube.ide.mcu.externaltools.gnu-tools-for-stm32.11.3.rel1.win32_1.1.100.202309141235/tools/bin/../lib/gcc/arm-none-eabi/11.3.1/../../../../arm-none-eabi/lib/thumb/v7e-m+fp/hard\libc_nano.a(libc_a-findfp.o) (__sread)
C:/ST/STM32CubeIDE_1.13.1/STM32CubeIDE/plugins/com.st.stm32cube.ide.mcu.externaltools.gnu-tools-for-stm32.11.3.rel1.win32_1.1.100.202309141235/tools/bin/../lib/gcc/arm-none-eabi/11.3.1/../../../../arm-none-eabi/lib/thumb/v7e-m+fp/hard\libc_nano.a(libc_a-memset.o)
                              C:/ST/STM32CubeIDE_1.13.1/STM32CubeIDE/plugins/com.st.stm32cube.ide.mcu.externaltools.gnu-tools-for-stm32.11.3.rel1.win32_1.1.100.202309141235/tools/bin/../lib/gcc/arm-none-eabi/11.3.1/../../../../arm-none-eabi/lib/thumb/v7e-m+fp/hard/crt0.o (memset)
C:/ST/STM32CubeIDE_1.13.1/STM32CubeIDE/plugins/com.st.stm32cube.ide.mcu.externaltools.gnu-tools-for-stm32.11.3.rel1.win32_1.1.100.202309141235/tools/bin/../lib/gcc/arm-none-eabi/11.3.1/../../../../arm-none-eabi/lib/thumb/v7e-m+fp/hard\libc_nano.a(libc_a-closer.o)
                              C:/ST/STM32CubeIDE_1.13.1/STM32CubeIDE/plugins/com.st.stm32cube.ide.mcu.externaltools.gnu-tools-for-stm32.11.3.rel1.win32_1.1.100.202309141235/tools/bin/../lib/gcc/arm-none-eabi/11.3.1/../../../../arm-none-eabi/lib/thumb/v7e-m+fp/hard\libc_nano.a(libc_a-stdio.o) (_close_r)
C:/ST/STM32CubeIDE_1.13.1/STM32CubeIDE/plugins/com.st.stm32cube.ide.mcu.externaltools.gnu-tools-for-stm32.11.3.rel1.win32_1.1.100.202309141235/tools/bin/../lib/gcc/arm-none-eabi/11.3.1/../../../../arm-none-eabi/lib/thumb/v7e-m+fp/hard\libc_nano.a(libc_a-reent.o)
                              C:/ST/STM32CubeIDE_1.13.1/STM32CubeIDE/plugins/com.st.stm32cube.ide.mcu.externaltools.gnu-tools-for-stm32.11.3.rel1.win32_1.1.100.202309141235/tools/bin/../lib/gcc/arm-none-eabi/11.3.1/../../../../arm-none-eabi/lib/thumb/v7e-m+fp/hard\libc_nano.a(libc_a-closer.o) (errno)
C:/ST/STM32CubeIDE_1.13.1/STM32CubeIDE/plugins/com.st.stm32cube.ide.mcu.externaltools.gnu-tools-for-stm32.11.3.rel1.win32_1.1.100.202309141235/tools/bin/../lib/gcc/arm-none-eabi/11.3.1/../../../../arm-none-eabi/lib/thumb/v7e-m+fp/hard\libc_nano.a(libc_a-impure.o)
                              C:/ST/STM32CubeIDE_1.13.1/STM32CubeIDE/plugins/com.st.stm32cube.ide.mcu.externaltools.gnu-tools-for-stm32.11.3.rel1.win32_1.1.100.202309141235/tools/bin/../lib/gcc/arm-none-eabi/11.3.1/../../../../arm-none-eabi/lib/thumb/v7e-m+fp/hard\libc_nano.a(libc_a-reent.o) (_impure_ptr)
C:/ST/STM32CubeIDE_1.13.1/STM32CubeIDE/plugins/com.st.stm32cube.ide.mcu.externaltools.gnu-tools-for-stm32.11.3.rel1.win32_1.1.100.202309141235/tools/bin/../lib/gcc/arm-none-eabi/11.3.1/../../../../arm-none-eabi/lib/thumb/v7e-m+fp/hard\libc_nano.a(libc_a-lseekr.o)
[...]
Memory Configuration

Name             Origin             Length             Attributes
CCMRAM           0x0000000010000000 0x0000000000010000 xrw
RAM              0x0000000020000000 0x0000000000020000 xrw
FLASH            0x0000000008000000 0x0000000000100000 xr
*default*        0x0000000000000000 0xffffffffffffffff

Linker script and memory map

LOAD C:/ST/STM32CubeIDE_1.13.1/STM32CubeIDE/plugins/com.st.stm32cube.ide.mcu.externaltools.gnu-tools-for-stm32.11.3.rel1.win32_1.1.100.202309141235/tools/bin/../lib/gcc/arm-none-eabi/11.3.1/thumb/v7e-m+fp/hard/crti.o
LOAD C:/ST/STM32CubeIDE_1.13.1/STM32CubeIDE/plugins/com.st.stm32cube.ide.mcu.externaltools.gnu-tools-for-stm32.11.3.rel1.win32_1.1.100.202309141235/tools/bin/../lib/gcc/arm-none-eabi/11.3.1/thumb/v7e-m+fp/hard/crtbegin.o
LOAD C:/ST/STM32CubeIDE_1.13.1/STM32CubeIDE/plugins/com.st.stm32cube.ide.mcu.externaltools.gnu-tools-for-stm32.11.3.rel1.win32_1.1.100.202309141235/tools/bin/../lib/gcc/arm-none-eabi/11.3.1/../../../../arm-none-eabi/lib/thumb/v7e-m+fp/hard/crt0.o
LOAD ./Core/Src/kx023_ll.o
LOAD ./Core/Src/kx023_status.o
LOAD ./Core/Src/main.o
LOAD ./Core/Src/stm32f4xx_it.o
LOAD ./Core/Src/syscalls.o
LOAD ./Core/Src/sysmem.o
LOAD ./Core/Src/system_stm32f4xx.o
LOAD ./Core/Startup/startup_stm32f407zgtx.o
LOAD ./Drivers/STM32F4xx_HAL_Driver/Src/stm32f4xx_ll_dma.o
LOAD ./Drivers/STM32F4xx_HAL_Driver/Src/stm32f4xx_ll_exti.o
LOAD ./Drivers/STM32F4xx_HAL_Driver/Src/stm32f4xx_ll_gpio.o
LOAD ./Drivers/STM32F4xx_HAL_Driver/Src/stm32f4xx_ll_i2c.o
LOAD ./Drivers/STM32F4xx_HAL_Driver/Src/stm32f4xx_ll_rcc.o
LOAD ./Drivers/STM32F4xx_HAL_Driver/Src/stm32f4xx_ll_usart.o
LOAD ./Drivers/STM32F4xx_HAL_Driver/Src/stm32f4xx_ll_utils.o
START GROUP
LOAD C:/ST/STM32CubeIDE_1.13.1/STM32CubeIDE/plugins/com.st.stm32cube.ide.mcu.externaltools.gnu-tools-for-stm32.11.3.rel1.win32_1.1.100.202309141235/tools/bin/../lib/gcc/arm-none-eabi/11.3.1/../../../../arm-none-eabi/lib/thumb/v7e-m+fp/hard\libc_nano.a
LOAD C:/ST/STM32CubeIDE_1.13.1/STM32CubeIDE/plugins/com.st.stm32cube.ide.mcu.externaltools.gnu-tools-for-stm32.11.3.rel1.win32_1.1.100.202309141235/tools/bin/../lib/gcc/arm-none-eabi/11.3.1/../../../../arm-none-eabi/lib/thumb/v7e-m+fp/hard\libm.a
END GROUP
START GROUP
LOAD C:/ST/STM32CubeIDE_1.13.1/STM32CubeIDE/plugins/com.st.stm32cube.ide.mcu.externaltools.gnu-tools-for-stm32.11.3.rel1.win32_1.1.100.202309141235/tools/bin/../lib/gcc/arm-none-eabi/11.3.1/thumb/v7e-m+fp/hard\libgcc.a
LOAD C:/ST/STM32CubeIDE_1.13.1/STM32CubeIDE/plugins/com.st.stm32cube.ide.mcu.externaltools.gnu-tools-for-stm32.11.3.rel1.win32_1.1.100.202309141235/tools/bin/../lib/gcc/arm-none-eabi/11.3.1/../../../../arm-none-eabi/lib/thumb/v7e-m+fp/hard\libc_nano.a
END GROUP
START GROUP
LOAD C:/ST/STM32CubeIDE_1.13.1/STM32CubeIDE/plugins/com.st.stm32cube.ide.mcu.externaltools.gnu-tools-for-stm32.11.3.rel1.win32_1.1.100.202309141235/tools/bin/../lib/gcc/arm-none-eabi/11.3.1/thumb/v7e-m+fp/hard\libgcc.a
LOAD C:/ST/STM32CubeIDE_1.13.1/STM32CubeIDE/plugins/com.st.stm32cube.ide.mcu.externaltools.gnu-tools-for-stm32.11.3.rel1.win32_1.1.100.202309141235/tools/bin/../lib/gcc/arm-none-eabi/11.3.1/../../../../arm-none-eabi/lib/thumb/v7e-m+fp/hard\libc_nano.a
LOAD C:/ST/STM32CubeIDE_1.13.1/STM32CubeIDE/plugins/com.st.stm32cube.ide.mcu.externaltools.gnu-tools-for-stm32.11.3.rel1.win32_1.1.100.202309141235/tools/bin/../lib/gcc/arm-none-eabi/11.3.1/../../../../arm-none-eabi/lib/thumb/v7e-m+fp/hard\libnosys.a
END GROUP
START GROUP
LOAD C:/ST/STM32CubeIDE_1.13.1/STM32CubeIDE/plugins/com.st.stm32cube.ide.mcu.externaltools.gnu-tools-for-stm32.11.3.rel1.win32_1.1.100.202309141235/tools/bin/../lib/gcc/arm-none-eabi/11.3.1/thumb/v7e-m+fp/hard\libgcc.a
LOAD C:/ST/STM32CubeIDE_1.13.1/STM32CubeIDE/plugins/com.st.stm32cube.ide.mcu.externaltools.gnu-tools-for-stm32.11.3.rel1.win32_1.1.100.202309141235/tools/bin/../lib/gcc/arm-none-eabi/11.3.1/../../../../arm-none-eabi/lib/thumb/v7e-m+fp/hard\libc_nano.a
LOAD C:/ST/STM32CubeIDE_1.13.1/STM32CubeIDE/plugins/com.st.stm32cube.ide.mcu.externaltools.gnu-tools-for-stm32.11.3.rel1.win32_1.1.100.202309141235/tools/bin/../lib/gcc/arm-none-eabi/11.3.1/../../../../arm-none-eabi/lib/thumb/v7e-m+fp/hard\libnosys.a
END GROUP
LOAD C:/ST/STM32CubeIDE_1.13.1/STM32CubeIDE/plugins/com.st.stm32cube.ide.mcu.externaltools.gnu-tools-for-stm32.11.3.rel1.win32_1.1.100.202309141235/tools/bin/../lib/gcc/arm-none-eabi/11.3.1/thumb/v7e-m+fp/hard/crtend.o
LOAD C:/ST/STM32CubeIDE_1.13.1/STM32CubeIDE/plugins/com.st.stm32cube.ide.mcu.externaltools.gnu-tools-for-stm32.11.3.rel1.win32_1.1.100.202309141235/tools/bin/../lib/gcc/arm-none-eabi/11.3.1/thumb/v7e-m+fp/hard/crtn.o
                0x0000000020020000                _estack = (ORIGIN (RAM) + LENGTH (RAM))
                0x0000000000000200                _Min_Heap_Size = 0x200
                0x0000000000000400                _Min_Stack_Size = 0x400

.isr_vector     0x0000000008000000      0x188
                0x0000000008000000                . = ALIGN (0x4)
 *(.isr_vector)
 .isr_vector    0x0000000008000000      0x188 ./Core/Startup/startup_stm32f407zgtx.o
                0x0000000008000000                g_pfnVectors
                0x0000000008000188                . = ALIGN (0x4)

.text           0x0000000008000188     0x2f64
                0x0000000008000188                . = ALIGN (0x4)
 *(.text)
 .text          0x0000000008000188       0x40 C:/ST/STM32CubeIDE_1.13.1/STM32CubeIDE/plugins/com.st.stm32cube.ide.mcu.externaltools.gnu-tools-for-stm32.11.3.rel1.win32_1.1.100.202309141235/tools/bin/../lib/gcc/arm-none-eabi/11.3.1/thumb/v7e-m+fp/hard/crtbegin.o
 .text          0x00000000080001c8       0x30 C:/ST/STM32CubeIDE_1.13.1/STM32CubeIDE/plugins/com.st.stm32cube.ide.mcu.externaltools.gnu-tools-for-stm32.11.3.rel1.win32_1.1.100.202309141235/tools/bin/../lib/gcc/arm-none-eabi/11.3.1/thumb/v7e-m+fp/hard\libgcc.a(_aeabi_uldivmod.o)
                0x00000000080001c8                __aeabi_uldivmod
 .text          0x00000000080001f8      0x2c8 C:/ST/STM32CubeIDE_1.13.1/STM32CubeIDE/plugins/com.st.stm32cube.ide.mcu.externaltools.gnu-tools-for-stm32.11.3.rel1.win32_1.1.100.202309141235/tools/bin/../lib/gcc/arm-none-eabi/11.3.1/thumb/v7e-m+fp/hard\libgcc.a(_udivmoddi4.o)
                0x00000000080001f8                __udivmoddi4
 .text          0x00000000080004c0        0x4 C:/ST/STM32CubeIDE_1.13.1/STM32CubeIDE/plugins/com.st.stm32cube.ide.mcu.externaltools.gnu-tools-for-stm32.11.3.rel1.win32_1.1.100.202309141235/tools/bin/../lib/gcc/arm-none-eabi/11.3.1/thumb/v7e-m+fp/hard\libgcc.a(_dvmd_tls.o)
                0x00000000080004c0                __aeabi_idiv0
                0x00000000080004c0                __aeabi_ldiv0
 *(.text*)
 .text.LL_I2C_IsActiveFlag_TXE
                0x00000000080004c4       0x26 ./Core/Src/kx023_ll.o
 .text.LL_I2C_IsActiveFlag_RXNE
                0x00000000080004ea       0x26 ./Core/Src/kx023_ll.o
 .text.LL_I2C_IsActiveFlag_SB
                0x0000000008000510       0x26 ./Core/Src/kx023_ll.o
 .text.LL_I2C_IsActiveFlag_ADDR
                0x0000000008000536       0x26 ./Core/Src/kx023_ll.o
 .text.LL_I2C_IsActiveFlag_AF
                0x000000000800055c       0x28 ./Core/Src/kx023_ll.o
 .text.LL_I2C_ClearFlag_ADDR
                0x0000000008000584       0x24 ./Core/Src/kx023_ll.o
 .text.LL_I2C_ClearFlag_AF
                0x00000000080005a8       0x20 ./Core/Src/kx023_ll.o
 .text.LL_I2C_AcknowledgeNextData
                0x00000000080005c8       0x26 ./Core/Src/kx023_ll.o
 .text.LL_I2C_GenerateStartCondition
                0x00000000080005ee       0x20 ./Core/Src/kx023_ll.o
 .text.LL_I2C_GenerateStopCondition
                0x000000000800060e       0x20 ./Core/Src/kx023_ll.o
 .text.LL_I2C_ReceiveData8
                0x000000000800062e       0x1a ./Core/Src/kx023_ll.o
 .text.LL_I2C_TransmitData8
                0x0000000008000648       0x28 ./Core/Src/kx023_ll.o
 .text.LL_GPIO_SetOutputPin
                0x0000000008000670       0x1c ./Core/Src/kx023_ll.o
 .text.LL_GPIO_ResetOutputPin
                0x000000000800068c       0x1e ./Core/Src/kx023_ll.o
 .text.KX023_Init_I2C
                0x00000000080006aa       0x36 ./Core/Src/kx023_ll.o
                0x00000000080006aa                KX023_Init_I2C
 .text.SPI_Transfer
                0x00000000080006e0       0x1a ./Core/Src/kx023_ll.o
 *fill*         0x00000000080006fa        0x2 
 .text.KX023_ReadRegisters
                0x00000000080006fc      0x1ec ./Core/Src/kx023_ll.o
 .text.KX023_WriteRegister
                0x00000000080008e8      0x178 ./Core/Src/kx023_ll.o
 .text.KX023_ReadRegister
                0x0000000008000a60       0x34 ./Core/Src/kx023_ll.o
 .text.KX023_SetBit
                0x0000000008000a94       0x4e ./Core/Src/kx023_ll.o
 .text.KX023_ClearBit
                0x0000000008000ae2       0x52 ./Core/Src/kx023_ll.o
 .text.KX023_Begin
                0x0000000008000b34       0x52 ./Core/Src/kx023_ll.o
                0x0000000008000b34                KX023_Begin
 .text.KX023_End
                0x0000000008000b86       0x34 ./Core/Src/kx023_ll.o
                0x0000000008000b86                KX023_End
 .text.KX023_ClearInterrupt
                0x0000000008000bba       0x18 ./Core/Src/kx023_ll.o
                0x0000000008000bba                KX023_ClearInterrupt
 .text.KX023_ConfigPhysicalInterruptPin
                0x0000000008000bd2       0x84 ./Core/Src/kx023_ll.o
                0x0000000008000bd2                KX023_ConfigPhysicalInterruptPin
 .text.KX023_SoftwareReset
                0x0000000008000c56       0x20 ./Core/Src/kx023_ll.o
                0x0000000008000c56                KX023_SoftwareReset
 .text.KX023_SetStandbyMode
                0x0000000008000c76       0x1a ./Core/Src/kx023_ll.o
                0x0000000008000c76                KX023_SetStandbyMode
 .text.KX023_SetOperatingMode
                0x0000000008000c90       0x1a ./Core/Src/kx023_ll.o
                0x0000000008000c90                KX023_SetOperatingMode
 .text.KX023_GetInterruptType
                0x0000000008000caa       0x8a ./Core/Src/kx023_ll.o
                0x0000000008000caa                KX023_GetInterruptType
 .text.KX023_ConfigAsynchronousReadBack
                0x0000000008000d34       0x46 ./Core/Src/kx023_ll.o
                0x0000000008000d34                KX023_ConfigAsynchronousReadBack
 *fill*         0x0000000008000d7a        0x2 
 .text.KX023_ReadAsynchronousData
                0x0000000008000d7c       0xf8 ./Core/Src/kx023_ll.o
                0x0000000008000d7c                KX023_ReadAsynchronousData
 .text.KX023_ConfigActivateTapFunction
                0x0000000008000e74       0xe8 ./Core/Src/kx023_ll.o
                0x0000000008000e74                KX023_ConfigActivateTapFunction
 .text.SetPerformanceHighResolutionMode
                0x0000000008000f5c       0x1a ./Core/Src/kx023_ll.o
 .text.SetAccelerationDataRange
                0x0000000008000f76       0x68 ./Core/Src/kx023_ll.o
 .text.EnableTapFunction
                0x0000000008000fde       0x1a ./Core/Src/kx023_ll.o
 .text.SetAccelerationDataRate
                0x0000000008000ff8       0x48 ./Core/Src/kx023_ll.o
 .text.EnablePhysicalInterruptPin
                0x0000000008001040       0x92 ./Core/Src/kx023_ll.o
 .text.ConfigPhysicalInterruptEvent
                0x00000000080010d2       0xa2 ./Core/Src/kx023_ll.o
 .text.SetDirectionalTapFunctionOutputDataRate
                0x0000000008001174       0x4a ./Core/Src/kx023_ll.o
 .text.SetDirectionalTapInterruptDirection
                0x00000000080011be       0x88 ./Core/Src/kx023_ll.o
 .text.EnableSingleTap
                0x0000000008001246       0x1a ./Core/Src/kx023_ll.o
 .text.EnableDoubleTap
                0x0000000008001260       0x1a ./Core/Src/kx023_ll.o
 *fill*         0x000000000800127a        0x2 
 .text.SetDoubleTapMinimumTimeSeparation
                0x000000000800127c       0xe4 ./Core/Src/kx023_ll.o
 .text.SetTapHighThresholdValue
                0x0000000008001360       0x20 ./Core/Src/kx023_ll.o
 .text.SetTapLowThresholdValue
                0x0000000008001380       0x20 ./Core/Src/kx023_ll.o
 .text.__NVIC_SetPriorityGrouping
                0x00000000080013a0       0x48 ./Core/Src/main.o
 .text.__NVIC_GetPriorityGrouping
                0x00000000080013e8       0x1c ./Core/Src/main.o
 .text.__NVIC_EnableIRQ
                0x0000000008001404       0x3c ./Core/Src/main.o
 .text.__NVIC_SetPriority
                0x0000000008001440       0x54 ./Core/Src/main.o
 .text.NVIC_EncodePriority
                0x0000000008001494       0x66 ./Core/Src/main.o
 .text.LL_I2C_EnableClockStretching
                0x00000000080014fa       0x20 ./Core/Src/main.o
 .text.LL_I2C_DisableGeneralCall
                0x000000000800151a       0x20 ./Core/Src/main.o
 .text.LL_I2C_SetOwnAddress2
                0x000000000800153a       0x26 ./Core/Src/main.o
 .text.LL_I2C_DisableOwnAddress2
                0x0000000008001560       0x20 ./Core/Src/main.o
 .text.LL_RCC_HSI_Enable
                0x0000000008001580       0x20 ./Core/Src/main.o
 .text.LL_RCC_HSI_IsReady
                0x00000000080015a0       0x24 ./Core/Src/main.o
 .text.LL_RCC_HSI_SetCalibTrimming
                0x00000000080015c4       0x2c ./Core/Src/main.o
 .text.LL_RCC_SetSysClkSource
                0x00000000080015f0       0x28 ./Core/Src/main.o
 .text.LL_RCC_GetSysClkSource
                0x0000000008001618       0x1c ./Core/Src/main.o
 .text.LL_RCC_SetAHBPrescaler
                0x0000000008001634       0x28 ./Core/Src/main.o
 .text.LL_RCC_SetAPB1Prescaler
                0x000000000800165c       0x28 ./Core/Src/main.o
 .text.LL_RCC_SetAPB2Prescaler
                0x0000000008001684       0x28 ./Core/Src/main.o
 .text.LL_AHB1_GRP1_EnableClock
                0x00000000080016ac       0x30 ./Core/Src/main.o
 .text.LL_APB1_GRP1_EnableClock
                0x00000000080016dc       0x30 ./Core/Src/main.o
 .text.LL_APB2_GRP1_EnableClock
                0x000000000800170c       0x30 ./Core/Src/main.o
 .text.LL_SYSCFG_SetEXTISource
                0x000000000800173c       0x6c ./Core/Src/main.o
 .text.LL_FLASH_SetLatency
                0x00000000080017a8       0x28 ./Core/Src/main.o
 .text.LL_FLASH_GetLatency
                0x00000000080017d0       0x1c ./Core/Src/main.o
 .text.LL_PWR_SetRegulVoltageScaling
                0x00000000080017ec       0x28 ./Core/Src/main.o
 .text.LL_USART_Enable
                0x0000000008001814       0x20 ./Core/Src/main.o
 .text.LL_USART_ConfigAsyncMode
                0x0000000008001834       0x2c ./Core/Src/main.o
 .text.LL_USART_TransmitData8
                0x0000000008001860       0x1e ./Core/Src/main.o
 .text.LL_GPIO_SetPinMode
                0x000000000800187e       0x7a ./Core/Src/main.o
 .text.LL_GPIO_SetPinPull
                0x00000000080018f8       0x7a ./Core/Src/main.o
 .text.LL_GPIO_SetOutputPin
                0x0000000008001972       0x1c ./Core/Src/main.o
 .text.LL_GPIO_ResetOutputPin
                0x000000000800198e       0x1e ./Core/Src/main.o
 .text.main     0x00000000080019ac      0x150 ./Core/Src/main.o
                0x00000000080019ac                main
 .text.SystemClock_Config
                0x0000000008001afc       0x6c ./Core/Src/main.o
                0x0000000008001afc                SystemClock_Config
 .text.MX_I2C3_Init
                0x0000000008001b68       0xe0 ./Core/Src/main.o
 .text.MX_USART2_UART_Init
                0x0000000008001c48       0xa0 ./Core/Src/main.o
 .text.MX_GPIO_Init
                0x0000000008001ce8      0x128 ./Core/Src/main.o
 .text.LL_EXTI_IsActiveFlag_0_31
                0x0000000008001e10       0x2c ./Core/Src/stm32f4xx_it.o
 .text.LL_EXTI_ClearFlag_0_31
                0x0000000008001e3c       0x20 ./Core/Src/stm32f4xx_it.o
 .text.NMI_Handler
                0x0000000008001e5c        0x6 ./Core/Src/stm32f4xx_it.o
                0x0000000008001e5c                NMI_Handler
 .text.HardFault_Handler
                0x0000000008001e62        0x6 ./Core/Src/stm32f4xx_it.o
                0x0000000008001e62                HardFault_Handler
 .text.MemManage_Handler
                0x0000000008001e68        0x6 ./Core/Src/stm32f4xx_it.o
                0x0000000008001e68                MemManage_Handler
 .text.BusFault_Handler
                0x0000000008001e6e        0x6 ./Core/Src/stm32f4xx_it.o
                0x0000000008001e6e                BusFault_Handler
 .text.UsageFault_Handler
                0x0000000008001e74        0x6 ./Core/Src/stm32f4xx_it.o
                0x0000000008001e74                UsageFault_Handler
 .text.SVC_Handler
                0x0000000008001e7a        0xe ./Core/Src/stm32f4xx_it.o
                0x0000000008001e7a                SVC_Handler
 .text.DebugMon_Handler
                0x0000000008001e88        0xe ./Core/Src/stm32f4xx_it.o
                0x0000000008001e88                DebugMon_Handler
 .text.PendSV_Handler
                0x0000000008001e96        0xe ./Core/Src/stm32f4xx_it.o
                0x0000000008001e96                PendSV_Handler
 .text.SysTick_Handler
                0x0000000008001ea4        0xe ./Core/Src/stm32f4xx_it.o
                0x0000000008001ea4                SysTick_Handler
 *fill*         0x0000000008001eb2        0x2 
 .text.EXTI4_IRQHandler
                0x0000000008001eb4       0x24 ./Core/Src/stm32f4xx_it.o
                0x0000000008001eb4                EXTI4_IRQHandler
 .text.EXTI9_5_IRQHandler
                0x0000000008001ed8       0x24 ./Core/Src/stm32f4xx_it.o
                0x0000000008001ed8                EXTI9_5_IRQHandler
 .text.SystemInit
                0x0000000008001efc       0x24 ./Core/Src/system_stm32f4xx.o
                0x0000000008001efc                SystemInit
 .text.Reset_Handler
                0x0000000008001f20       0x50 ./Core/Startup/startup_stm32f407zgtx.o
                0x0000000008001f20                Reset_Handler
 .text.Default_Handler
                0x0000000008001f70        0x2 ./Core/Startup/startup_stm32f407zgtx.o
                0x0000000008001f70                RTC_Alarm_IRQHandler
                0x0000000008001f70                HASH_RNG_IRQHandler
                0x0000000008001f70                EXTI2_IRQHandler
                0x0000000008001f70                TIM8_CC_IRQHandler
                0x0000000008001f70                TIM1_CC_IRQHandler
                0x0000000008001f70                DMA2_Stream5_IRQHandler
                0x0000000008001f70                DMA1_Stream5_IRQHandler
                0x0000000008001f70                PVD_IRQHandler
                0x0000000008001f70                SDIO_IRQHandler
                0x0000000008001f70                TAMP_STAMP_IRQHandler
                0x0000000008001f70                CAN2_RX1_IRQHandler
                0x0000000008001f70                EXTI3_IRQHandler
                0x0000000008001f70                TIM8_TRG_COM_TIM14_IRQHandler
                0x0000000008001f70                TIM1_UP_TIM10_IRQHandler
                0x0000000008001f70                TIM8_UP_TIM13_IRQHandler
                0x0000000008001f70                I2C3_ER_IRQHandler
                0x0000000008001f70                EXTI0_IRQHandler
                0x0000000008001f70                I2C2_EV_IRQHandler
                0x0000000008001f70                DMA1_Stream2_IRQHandler
                0x0000000008001f70                CAN1_RX0_IRQHandler
                0x0000000008001f70                FPU_IRQHandler
                0x0000000008001f70                OTG_HS_WKUP_IRQHandler
                0x0000000008001f70                CAN2_SCE_IRQHandler
                0x0000000008001f70                DMA2_Stream2_IRQHandler
                0x0000000008001f70                SPI1_IRQHandler
                0x0000000008001f70                TIM6_DAC_IRQHandler
                0x0000000008001f70                TIM1_BRK_TIM9_IRQHandler
                0x0000000008001f70                DCMI_IRQHandler
                0x0000000008001f70                CAN2_RX0_IRQHandler
                0x0000000008001f70                DMA2_Stream3_IRQHandler
                0x0000000008001f70                USART6_IRQHandler
                0x0000000008001f70                USART3_IRQHandler
                0x0000000008001f70                CAN1_RX1_IRQHandler
                0x0000000008001f70                UART5_IRQHandler
                0x0000000008001f70                DMA2_Stream0_IRQHandler
                0x0000000008001f70                TIM4_IRQHandler
                0x0000000008001f70                I2C1_EV_IRQHandler
                0x0000000008001f70                DMA1_Stream6_IRQHandler
                0x0000000008001f70                DMA1_Stream1_IRQHandler
                0x0000000008001f70                UART4_IRQHandler
                0x0000000008001f70                TIM3_IRQHandler
                0x0000000008001f70                RCC_IRQHandler
                0x0000000008001f70                TIM8_BRK_TIM12_IRQHandler
                0x0000000008001f70                Default_Handler
                0x0000000008001f70                EXTI15_10_IRQHandler
                0x0000000008001f70                ADC_IRQHandler
                0x0000000008001f70                DMA1_Stream7_IRQHandler
                0x0000000008001f70                TIM7_IRQHandler
                0x0000000008001f70                CAN2_TX_IRQHandler
                0x0000000008001f70                TIM5_IRQHandler
                0x0000000008001f70                DMA2_Stream7_IRQHandler
                0x0000000008001f70                I2C3_EV_IRQHandler
                0x0000000008001f70                RTC_WKUP_IRQHandler
                0x0000000008001f70                ETH_WKUP_IRQHandler
                0x0000000008001f70                SPI2_IRQHandler
                0x0000000008001f70                OTG_HS_EP1_IN_IRQHandler
                0x0000000008001f70                DMA1_Stream0_IRQHandler
                0x0000000008001f70                CAN1_TX_IRQHandler
                0x0000000008001f70                FSMC_IRQHandler
                0x0000000008001f70                ETH_IRQHandler
                0x0000000008001f70                OTG_HS_EP1_OUT_IRQHandler
                0x0000000008001f70                WWDG_IRQHandler
                0x0000000008001f70                TIM2_IRQHandler
                0x0000000008001f70                OTG_FS_WKUP_IRQHandler
                0x0000000008001f70                TIM1_TRG_COM_TIM11_IRQHandler
                0x0000000008001f70                OTG_HS_IRQHandler
                0x0000000008001f70                EXTI1_IRQHandler
                0x0000000008001f70                USART2_IRQHandler
                0x0000000008001f70                I2C2_ER_IRQHandler
                0x0000000008001f70                DMA2_Stream1_IRQHandler
                0x0000000008001f70                CAN1_SCE_IRQHandler
                0x0000000008001f70                FLASH_IRQHandler
                0x0000000008001f70                DMA2_Stream4_IRQHandler
                0x0000000008001f70                USART1_IRQHandler
                0x0000000008001f70                OTG_FS_IRQHandler
                0x0000000008001f70                SPI3_IRQHandler
                0x0000000008001f70                DMA1_Stream4_IRQHandler
                0x0000000008001f70                I2C1_ER_IRQHandler
                0x0000000008001f70                DMA2_Stream6_IRQHandler
                0x0000000008001f70                DMA1_Stream3_IRQHandler
 *fill*         0x0000000008001f72        0x2 
 .text.LL_EXTI_EnableIT_0_31
                0x0000000008001f74       0x24 ./Drivers/STM32F4xx_HAL_Driver/Src/stm32f4xx_ll_exti.o
 .text.LL_EXTI_DisableIT_0_31
                0x0000000008001f98       0x28 ./Drivers/STM32F4xx_HAL_Driver/Src/stm32f4xx_ll_exti.o
 .text.LL_EXTI_EnableEvent_0_31
                0x0000000008001fc0       0x24 ./Drivers/STM32F4xx_HAL_Driver/Src/stm32f4xx_ll_exti.o
 .text.LL_EXTI_DisableEvent_0_31
                0x0000000008001fe4       0x28 ./Drivers/STM32F4xx_HAL_Driver/Src/stm32f4xx_ll_exti.o
 .text.LL_EXTI_EnableRisingTrig_0_31
                0x000000000800200c       0x24 ./Drivers/STM32F4xx_HAL_Driver/Src/stm32f4xx_ll_exti.o
 .text.LL_EXTI_DisableRisingTrig_0_31
                0x0000000008002030       0x28 ./Drivers/STM32F4xx_HAL_Driver/Src/stm32f4xx_ll_exti.o
 .text.LL_EXTI_EnableFallingTrig_0_31
                0x0000000008002058       0x24 ./Drivers/STM32F4xx_HAL_Driver/Src/stm32f4xx_ll_exti.o
 .text.LL_EXTI_DisableFallingTrig_0_31
                0x000000000800207c       0x28 ./Drivers/STM32F4xx_HAL_Driver/Src/stm32f4xx_ll_exti.o
 .text.LL_EXTI_Init
                0x00000000080020a4       0xfe ./Drivers/STM32F4xx_HAL_Driver/Src/stm32f4xx_ll_exti.o
                0x00000000080020a4                LL_EXTI_Init
 .text.LL_GPIO_SetPinMode
                0x00000000080021a2       0x7a ./Drivers/STM32F4xx_HAL_Driver/Src/stm32f4xx_ll_gpio.o
 .text.LL_GPIO_SetPinOutputType
                0x000000000800221c       0x30 ./Drivers/STM32F4xx_HAL_Driver/Src/stm32f4xx_ll_gpio.o
 .text.LL_GPIO_SetPinSpeed
                0x000000000800224c       0x7a ./Drivers/STM32F4xx_HAL_Driver/Src/stm32f4xx_ll_gpio.o
 .text.LL_GPIO_SetPinPull
                0x00000000080022c6       0x7a ./Drivers/STM32F4xx_HAL_Driver/Src/stm32f4xx_ll_gpio.o
 .text.LL_GPIO_SetAFPin_0_7
                0x0000000008002340       0x7a ./Drivers/STM32F4xx_HAL_Driver/Src/stm32f4xx_ll_gpio.o
 .text.LL_GPIO_SetAFPin_8_15
                0x00000000080023ba       0x7e ./Drivers/STM32F4xx_HAL_Driver/Src/stm32f4xx_ll_gpio.o
 .text.LL_GPIO_Init
                0x0000000008002438      0x102 ./Drivers/STM32F4xx_HAL_Driver/Src/stm32f4xx_ll_gpio.o
                0x0000000008002438                LL_GPIO_Init
 .text.LL_I2C_Enable
                0x000000000800253a       0x20 ./Drivers/STM32F4xx_HAL_Driver/Src/stm32f4xx_ll_i2c.o
 .text.LL_I2C_Disable
                0x000000000800255a       0x20 ./Drivers/STM32F4xx_HAL_Driver/Src/stm32f4xx_ll_i2c.o
 .text.LL_I2C_SetOwnAddress1
                0x000000000800257a       0x30 ./Drivers/STM32F4xx_HAL_Driver/Src/stm32f4xx_ll_i2c.o
 *fill*         0x00000000080025aa        0x2 
 .text.LL_I2C_ConfigSpeed
                0x00000000080025ac      0x130 ./Drivers/STM32F4xx_HAL_Driver/Src/stm32f4xx_ll_i2c.o
 .text.LL_I2C_SetMode
                0x00000000080026dc       0x26 ./Drivers/STM32F4xx_HAL_Driver/Src/stm32f4xx_ll_i2c.o
 .text.LL_I2C_AcknowledgeNextData
                0x0000000008002702       0x26 ./Drivers/STM32F4xx_HAL_Driver/Src/stm32f4xx_ll_i2c.o
 .text.LL_I2C_Init
                0x0000000008002728       0x62 ./Drivers/STM32F4xx_HAL_Driver/Src/stm32f4xx_ll_i2c.o
                0x0000000008002728                LL_I2C_Init
 *fill*         0x000000000800278a        0x2 
 .text.LL_RCC_GetSysClkSource
                0x000000000800278c       0x1c ./Drivers/STM32F4xx_HAL_Driver/Src/stm32f4xx_ll_rcc.o
 .text.LL_RCC_GetAHBPrescaler
                0x00000000080027a8       0x1c ./Drivers/STM32F4xx_HAL_Driver/Src/stm32f4xx_ll_rcc.o
 .text.LL_RCC_GetAPB1Prescaler
                0x00000000080027c4       0x1c ./Drivers/STM32F4xx_HAL_Driver/Src/stm32f4xx_ll_rcc.o
 .text.LL_RCC_GetAPB2Prescaler
                0x00000000080027e0       0x1c ./Drivers/STM32F4xx_HAL_Driver/Src/stm32f4xx_ll_rcc.o
 .text.LL_RCC_PLL_GetMainSource
                0x00000000080027fc       0x1c ./Drivers/STM32F4xx_HAL_Driver/Src/stm32f4xx_ll_rcc.o
 .text.LL_RCC_PLL_GetN
                0x0000000008002818       0x1c ./Drivers/STM32F4xx_HAL_Driver/Src/stm32f4xx_ll_rcc.o
 .text.LL_RCC_PLL_GetP
                0x0000000008002834       0x1c ./Drivers/STM32F4xx_HAL_Driver/Src/stm32f4xx_ll_rcc.o
 .text.LL_RCC_PLL_GetDivider
                0x0000000008002850       0x1c ./Drivers/STM32F4xx_HAL_Driver/Src/stm32f4xx_ll_rcc.o
 .text.LL_RCC_GetSystemClocksFreq
                0x000000000800286c       0x4a ./Drivers/STM32F4xx_HAL_Driver/Src/stm32f4xx_ll_rcc.o
                0x000000000800286c                LL_RCC_GetSystemClocksFreq
 *fill*         0x00000000080028b6        0x2 
 .text.RCC_GetSystemClockFreq
                0x00000000080028b8       0x50 ./Drivers/STM32F4xx_HAL_Driver/Src/stm32f4xx_ll_rcc.o
                0x00000000080028b8                RCC_GetSystemClockFreq
 .text.RCC_GetHCLKClockFreq
                0x0000000008002908       0x2c ./Drivers/STM32F4xx_HAL_Driver/Src/stm32f4xx_ll_rcc.o
                0x0000000008002908                RCC_GetHCLKClockFreq
 .text.RCC_GetPCLK1ClockFreq
                0x0000000008002934       0x28 ./Drivers/STM32F4xx_HAL_Driver/Src/stm32f4xx_ll_rcc.o
                0x0000000008002934                RCC_GetPCLK1ClockFreq
 .text.RCC_GetPCLK2ClockFreq
                0x000000000800295c       0x28 ./Drivers/STM32F4xx_HAL_Driver/Src/stm32f4xx_ll_rcc.o
                0x000000000800295c                RCC_GetPCLK2ClockFreq
 .text.RCC_PLL_GetFreqDomain_SYS
                0x0000000008002984       0x7c ./Drivers/STM32F4xx_HAL_Driver/Src/stm32f4xx_ll_rcc.o
                0x0000000008002984                RCC_PLL_GetFreqDomain_SYS
 .text.LL_USART_IsEnabled
                0x0000000008002a00       0x28 ./Drivers/STM32F4xx_HAL_Driver/Src/stm32f4xx_ll_usart.o
 .text.LL_USART_SetStopBitsLength
                0x0000000008002a28       0x26 ./Drivers/STM32F4xx_HAL_Driver/Src/stm32f4xx_ll_usart.o
 .text.LL_USART_SetHWFlowCtrl
                0x0000000008002a4e       0x26 ./Drivers/STM32F4xx_HAL_Driver/Src/stm32f4xx_ll_usart.o
 .text.LL_USART_SetBaudRate
                0x0000000008002a74      0x45c ./Drivers/STM32F4xx_HAL_Driver/Src/stm32f4xx_ll_usart.o
 .text.LL_USART_Init
                0x0000000008002ed0      0x100 ./Drivers/STM32F4xx_HAL_Driver/Src/stm32f4xx_ll_usart.o
                0x0000000008002ed0                LL_USART_Init
 .text.LL_InitTick
                0x0000000008002fd0       0x34 ./Drivers/STM32F4xx_HAL_Driver/Src/stm32f4xx_ll_utils.o
 .text.LL_Init1msTick
                0x0000000008003004       0x1a ./Drivers/STM32F4xx_HAL_Driver/Src/stm32f4xx_ll_utils.o
                0x0000000008003004                LL_Init1msTick
 *fill*         0x000000000800301e        0x2 
 .text.LL_mDelay
                0x0000000008003020       0x4c ./Drivers/STM32F4xx_HAL_Driver/Src/stm32f4xx_ll_utils.o
                0x0000000008003020                LL_mDelay
 .text.LL_SetSystemCoreClock
                0x000000000800306c       0x20 ./Drivers/STM32F4xx_HAL_Driver/Src/stm32f4xx_ll_utils.o
                0x000000000800306c                LL_SetSystemCoreClock
 .text.__libc_init_array
                0x000000000800308c       0x48 C:/ST/STM32CubeIDE_1.13.1/STM32CubeIDE/plugins/com.st.stm32cube.ide.mcu.externaltools.gnu-tools-for-stm32.11.3.rel1.win32_1.1.100.202309141235/tools/bin/../lib/gcc/arm-none-eabi/11.3.1/../../../../arm-none-eabi/lib/thumb/v7e-m+fp/hard\libc_nano.a(libc_a-init.o)
                0x000000000800308c                __libc_init_array
 *(.glue_7)
 .glue_7        0x00000000080030d4        0x0 linker stubs
 *(.glue_7t)
 .glue_7t       0x00000000080030d4        0x0 linker stubs
 *(.eh_frame)
 .eh_frame      0x00000000080030d4        0x0 C:/ST/STM32CubeIDE_1.13.1/STM32CubeIDE/plugins/com.st.stm32cube.ide.mcu.externaltools.gnu-tools-for-stm32.11.3.rel1.win32_1.1.100.202309141235/tools/bin/../lib/gcc/arm-none-eabi/11.3.1/thumb/v7e-m+fp/hard/crtbegin.o
 *(.init)
 .init          0x00000000080030d4        0x4 C:/ST/STM32CubeIDE_1.13.1/STM32CubeIDE/plugins/com.st.stm32cube.ide.mcu.externaltools.gnu-tools-for-stm32.11.3.rel1.win32_1.1.100.202309141235/tools/bin/../lib/gcc/arm-none-eabi/11.3.1/thumb/v7e-m+fp/hard/crti.o
                0x00000000080030d4                _init
 .init          0x00000000080030d8        0x8 C:/ST/STM32CubeIDE_1.13.1/STM32CubeIDE/plugins/com.st.stm32cube.ide.mcu.externaltools.gnu-tools-for-stm32.11.3.rel1.win32_1.1.100.202309141235/tools/bin/../lib/gcc/arm-none-eabi/11.3.1/thumb/v7e-m+fp/hard/crtn.o
 *(.fini)
 .fini          0x00000000080030e0        0x4 C:/ST/STM32CubeIDE_1.13.1/STM32CubeIDE/plugins/com.st.stm32cube.ide.mcu.externaltools.gnu-tools-for-stm32.11.3.rel1.win32_1.1.100.202309141235/tools/bin/../lib/gcc/arm-none-eabi/11.3.1/thumb/v7e-m+fp/hard/crti.o
                0x00000000080030e0                _fini
 .fini          0x00000000080030e4        0x8 C:/ST/STM32CubeIDE_1.13.1/STM32CubeIDE/plugins/com.st.stm32cube.ide.mcu.externaltools.gnu-tools-for-stm32.11.3.rel1.win32_1.1.100.202309141235/tools/bin/../lib/gcc/arm-none-eabi/11.3.1/thumb/v7e-m+fp/hard/crtn.o
                0x00000000080030ec                . = ALIGN (0x4)
                0x00000000080030ec                _etext = .

.vfp11_veneer   0x00000000080030ec        0x0
 .vfp11_veneer  0x00000000080030ec        0x0 linker stubs

.v4_bx          0x00000000080030ec        0x0
 .v4_bx         0x00000000080030ec        0x0 linker stubs

.iplt           0x00000000080030ec        0x0
 .iplt          0x00000000080030ec        0x0 C:/ST/STM32CubeIDE_1.13.1/STM32CubeIDE/plugins/com.st.stm32cube.ide.mcu.externaltools.gnu-tools-for-stm32.11.3.rel1.win32_1.1.100.202309141235/tools/bin/../lib/gcc/arm-none-eabi/11.3.1/thumb/v7e-m+fp/hard/crtbegin.o

.rodata         0x00000000080030ec       0x18
                0x00000000080030ec                . = ALIGN (0x4)
 *(.rodata)
 *(.rodata*)
 .rodata.AHBPrescTable
                0x00000000080030ec       0x10 ./Core/Src/system_stm32f4xx.o
                0x00000000080030ec                AHBPrescTable
 .rodata.APBPrescTable
                0x00000000080030fc        0x8 ./Core/Src/system_stm32f4xx.o
                0x00000000080030fc                APBPrescTable
                0x0000000008003104                . = ALIGN (0x4)

.ARM.extab      0x0000000008003104        0x0
                0x0000000008003104                . = ALIGN (0x4)
 *(.ARM.extab* .gnu.linkonce.armextab.*)
                0x0000000008003104                . = ALIGN (0x4)

.ARM            0x0000000008003104        0x8
                0x0000000008003104                . = ALIGN (0x4)
                0x0000000008003104                __exidx_start = .
 *(.ARM.exidx*)
 .ARM.exidx     0x0000000008003104        0x8 C:/ST/STM32CubeIDE_1.13.1/STM32CubeIDE/plugins/com.st.stm32cube.ide.mcu.externaltools.gnu-tools-for-stm32.11.3.rel1.win32_1.1.100.202309141235/tools/bin/../lib/gcc/arm-none-eabi/11.3.1/thumb/v7e-m+fp/hard\libgcc.a(_udivmoddi4.o)
                0x000000000800310c                __exidx_end = .
                0x000000000800310c                . = ALIGN (0x4)

.rel.dyn        0x000000000800310c        0x0
 .rel.iplt      0x000000000800310c        0x0 C:/ST/STM32CubeIDE_1.13.1/STM32CubeIDE/plugins/com.st.stm32cube.ide.mcu.externaltools.gnu-tools-for-stm32.11.3.rel1.win32_1.1.100.202309141235/tools/bin/../lib/gcc/arm-none-eabi/11.3.1/thumb/v7e-m+fp/hard/crtbegin.o

.preinit_array  0x000000000800310c        0x0
                0x000000000800310c                . = ALIGN (0x4)
                0x000000000800310c                PROVIDE (__preinit_array_start = .)
 *(.preinit_array*)
                0x000000000800310c                PROVIDE (__preinit_array_end = .)
                0x000000000800310c                . = ALIGN (0x4)

.init_array     0x000000000800310c        0x4
                0x000000000800310c                . = ALIGN (0x4)
                0x000000000800310c                PROVIDE (__init_array_start = .)
 *(SORT_BY_NAME(.init_array.*))
 *(.init_array*)
 .init_array    0x000000000800310c        0x4 C:/ST/STM32CubeIDE_1.13.1/STM32CubeIDE/plugins/com.st.stm32cube.ide.mcu.externaltools.gnu-tools-for-stm32.11.3.rel1.win32_1.1.100.202309141235/tools/bin/../lib/gcc/arm-none-eabi/11.3.1/thumb/v7e-m+fp/hard/crtbegin.o
                0x0000000008003110                PROVIDE (__init_array_end = .)
                0x0000000008003110                . = ALIGN (0x4)

.fini_array     0x0000000008003110        0x4
                0x0000000008003110                . = ALIGN (0x4)
                [!provide]                        PROVIDE (__fini_array_start = .)
 *(SORT_BY_NAME(.fini_array.*))
 *(.fini_array*)
 .fini_array    0x0000000008003110        0x4 C:/ST/STM32CubeIDE_1.13.1/STM32CubeIDE/plugins/com.st.stm32cube.ide.mcu.externaltools.gnu-tools-for-stm32.11.3.rel1.win32_1.1.100.202309141235/tools/bin/../lib/gcc/arm-none-eabi/11.3.1/thumb/v7e-m+fp/hard/crtbegin.o
                [!provide]                        PROVIDE (__fini_array_end = .)
                0x0000000008003114                . = ALIGN (0x4)
                0x0000000008003114                _sidata = LOADADDR (.data)

.data           0x0000000020000000        0xc load address 0x0000000008003114
                0x0000000020000000                . = ALIGN (0x4)
                0x0000000020000000                _sdata = .
 *(.data)
 *(.data*)
 .data.tap_dir  0x0000000020000000        0x6 ./Core/Src/main.o
                0x0000000020000000                tap_dir
 *fill*         0x0000000020000006        0x2 
 .data.SystemCoreClock
                0x0000000020000008        0x4 ./Core/Src/system_stm32f4xx.o
                0x0000000020000008                SystemCoreClock
 *(.RamFunc)
 *(.RamFunc*)
                0x000000002000000c                . = ALIGN (0x4)
                0x000000002000000c                _edata = .
                0x0000000008003120                _siccmram = LOADADDR (.ccmram)

.igot.plt       0x000000002000000c        0x0 load address 0x0000000008003120
 .igot.plt      0x000000002000000c        0x0 C:/ST/STM32CubeIDE_1.13.1/STM32CubeIDE/plugins/com.st.stm32cube.ide.mcu.externaltools.gnu-tools-for-stm32.11.3.rel1.win32_1.1.100.202309141235/tools/bin/../lib/gcc/arm-none-eabi/11.3.1/thumb/v7e-m+fp/hard/crtbegin.o

.ccmram         0x0000000010000000        0x0 load address 0x0000000008003120
                0x0000000010000000                . = ALIGN (0x4)
                0x0000000010000000                _sccmram = .
 *(.ccmram)
 *(.ccmram*)
                0x0000000010000000                . = ALIGN (0x4)
                0x0000000010000000                _eccmram = .
                0x0000000010000000                . = ALIGN (0x4)

.bss            0x000000002000000c       0x48
                0x000000002000000c                _sbss = .
                0x000000002000000c                __bss_start__ = _sbss
 *(.bss)
 .bss           0x000000002000000c       0x1c C:/ST/STM32CubeIDE_1.13.1/STM32CubeIDE/plugins/com.st.stm32cube.ide.mcu.externaltools.gnu-tools-for-stm32.11.3.rel1.win32_1.1.100.202309141235/tools/bin/../lib/gcc/arm-none-eabi/11.3.1/thumb/v7e-m+fp/hard/crtbegin.o
 *(.bss*)
 .bss.kx023     0x0000000020000028       0x18 ./Core/Src/main.o
                0x0000000020000028                kx023
 .bss.x         0x0000000020000040        0x4 ./Core/Src/main.o
                0x0000000020000040                x
 .bss.y         0x0000000020000044        0x4 ./Core/Src/main.o
                0x0000000020000044                y
 .bss.z         0x0000000020000048        0x4 ./Core/Src/main.o
                0x0000000020000048                z
 .bss.Interrupt_1
                0x000000002000004c        0x4 ./Core/Src/stm32f4xx_it.o
                0x000000002000004c                Interrupt_1
 .bss.Interrupt_2
                0x0000000020000050        0x4 ./Core/Src/stm32f4xx_it.o
                0x0000000020000050                Interrupt_2
 *(COMMON)
                0x0000000020000054                . = ALIGN (0x4)
                0x0000000020000054                _ebss = .
                0x0000000020000054                __bss_end__ = _ebss

._user_heap_stack
                0x0000000020000054      0x604
                0x0000000020000058                . = ALIGN (0x8)
 *fill*         0x0000000020000054        0x4 
                [!provide]                        PROVIDE (end = .)
                0x0000000020000058                PROVIDE (_end = .)
                0x0000000020000258                . = (. + _Min_Heap_Size)
 *fill*         0x0000000020000058      0x200 
                0x0000000020000658                . = (. + _Min_Stack_Size)
 *fill*         0x0000000020000258      0x400 
                0x0000000020000658                . = ALIGN (0x8)

/DISCARD/
 libc.a(*)
 libm.a(*)
 libgcc.a(*)

.ARM.attributes
                0x0000000000000000       0x30
 *(.ARM.attributes)
 .ARM.attributes
                0x0000000000000000       0x1e C:/ST/STM32CubeIDE_1.13.1/STM32CubeIDE/plugins/com.st.stm32cube.ide.mcu.externaltools.gnu-tools-for-stm32.11.3.rel1.win32_1.1.100.202309141235/tools/bin/../lib/gcc/arm-none-eabi/11.3.1/thumb/v7e-m+fp/hard/crti.o
 .ARM.attributes
                0x000000000000001e       0x34 C:/ST/STM32CubeIDE_1.13.1/STM32CubeIDE/plugins/com.st.stm32cube.ide.mcu.externaltools.gnu-tools-for-stm32.11.3.rel1.win32_1.1.100.202309141235/tools/bin/../lib/gcc/arm-none-eabi/11.3.1/thumb/v7e-m+fp/hard/crtbegin.o
 .ARM.attributes
                0x0000000000000052       0x34 ./Core/Src/kx023_ll.o
 .ARM.attributes
                0x0000000000000086       0x34 ./Core/Src/main.o
 .ARM.attributes
                0x00000000000000ba       0x34 ./Core/Src/stm32f4xx_it.o
 .ARM.attributes
                0x00000000000000ee       0x34 ./Core/Src/system_stm32f4xx.o
 .ARM.attributes
                0x0000000000000122       0x21 ./Core/Startup/startup_stm32f407zgtx.o
 .ARM.attributes
                0x0000000000000143       0x34 ./Drivers/STM32F4xx_HAL_Driver/Src/stm32f4xx_ll_exti.o
 .ARM.attributes
                0x0000000000000177       0x34 ./Drivers/STM32F4xx_HAL_Driver/Src/stm32f4xx_ll_gpio.o
 .ARM.attributes
                0x00000000000001ab       0x34 ./Drivers/STM32F4xx_HAL_Driver/Src/stm32f4xx_ll_i2c.o
 .ARM.attributes
                0x00000000000001df       0x34 ./Drivers/STM32F4xx_HAL_Driver/Src/stm32f4xx_ll_rcc.o
 .ARM.attributes
                0x0000000000000213       0x34 ./Drivers/STM32F4xx_HAL_Driver/Src/stm32f4xx_ll_usart.o
 .ARM.attributes
                0x0000000000000247       0x34 ./Drivers/STM32F4xx_HAL_Driver/Src/stm32f4xx_ll_utils.o
 .ARM.attributes
                0x000000000000027b       0x34 C:/ST/STM32CubeIDE_1.13.1/STM32CubeIDE/plugins/com.st.stm32cube.ide.mcu.externaltools.gnu-tools-for-stm32.11.3.rel1.win32_1.1.100.202309141235/tools/bin/../lib/gcc/arm-none-eabi/11.3.1/../../../../arm-none-eabi/lib/thumb/v7e-m+fp/hard\libc_nano.a(libc_a-init.o)
 .ARM.attributes
                0x00000000000002af       0x1e C:/ST/STM32CubeIDE_1.13.1/STM32CubeIDE/plugins/com.st.stm32cube.ide.mcu.externaltools.gnu-tools-for-stm32.11.3.rel1.win32_1.1.100.202309141235/tools/bin/../lib/gcc/arm-none-eabi/11.3.1/thumb/v7e-m+fp/hard\libgcc.a(_aeabi_uldivmod.o)
 .ARM.attributes
                0x00000000000002cd       0x34 C:/ST/STM32CubeIDE_1.13.1/STM32CubeIDE/plugins/com.st.stm32cube.ide.mcu.externaltools.gnu-tools-for-stm32.11.3.rel1.win32_1.1.100.202309141235/tools/bin/../lib/gcc/arm-none-eabi/11.3.1/thumb/v7e-m+fp/hard\libgcc.a(_udivmoddi4.o)
 .ARM.attributes
                0x0000000000000301       0x1e C:/ST/STM32CubeIDE_1.13.1/STM32CubeIDE/plugins/com.st.stm32cube.ide.mcu.externaltools.gnu-tools-for-stm32.11.3.rel1.win32_1.1.100.202309141235/tools/bin/../lib/gcc/arm-none-eabi/11.3.1/thumb/v7e-m+fp/hard\libgcc.a(_dvmd_tls.o)
 .ARM.attributes
                0x000000000000031f       0x1e C:/ST/STM32CubeIDE_1.13.1/STM32CubeIDE/plugins/com.st.stm32cube.ide.mcu.externaltools.gnu-tools-for-stm32.11.3.rel1.win32_1.1.100.202309141235/tools/bin/../lib/gcc/arm-none-eabi/11.3.1/thumb/v7e-m+fp/hard/crtn.o
OUTPUT(kx023_ll_test.elf elf32-littlearm)
LOAD linker stubs
LOAD C:/ST/STM32CubeIDE_1.13.1/STM32CubeIDE/plugins/com.st.stm32cube.ide.mcu.externaltools.gnu-tools-for-stm32.11.3.rel1.win32_1.1.100.202309141235/tools/bin/../lib/gcc/arm-none-eabi/11.3.1/../../../../arm-none-eabi/lib/thumb/v7e-m+fp/hard\libc.a
LOAD C:/ST/STM32CubeIDE_1.13.1/STM32CubeIDE/plugins/com.st.stm32cube.ide.mcu.externaltools.gnu-tools-for-stm32.11.3.rel1.win32_1.1.100.202309141235/tools/bin/../lib/gcc/arm-none-eabi/11.3.1/../../../../arm-none-eabi/lib/thumb/v7e-m+fp/hard\libm.a
LOAD C:/ST/STM32CubeIDE_1.13.1/STM32CubeIDE/plugins/com.st.stm32cube.ide.mcu.externaltools.gnu-tools-for-stm32.11.3.rel1.win32_1.1.100.202309141235/tools/bin/../lib/gcc/arm-none-eabi/11.3.1/thumb/v7e-m+fp/hard\libgcc.a

.comment        0x0000000000000000       0x43
 .comment       0x0000000000000000       0x43 C:/ST/STM32CubeIDE_1.13.1/STM32CubeIDE/plugins/com.st.stm32cube.ide.mcu.externaltools.gnu-tools-for-stm32.11.3.rel1.win32_1.1.100.202309141235/tools/bin/../lib/gcc/arm-none-eabi/11.3.1/thumb/v7e-m+fp/hard/crtbegin.o
                                         0x44 (size before relaxing)
 .comment       0x0000000000000043       0x44 ./Core/Src/kx023_ll.o
 .comment       0x0000000000000043       0x44 ./Core/Src/main.o
 .comment       0x0000000000000043       0x44 ./Core/Src/stm32f4xx_it.o
 .comment       0x0000000000000043       0x44 ./Core/Src/system_stm32f4xx.o
 .comment       0x0000000000000043       0x44 ./Drivers/STM32F4xx_HAL_Driver/Src/stm32f4xx_ll_exti.o
 .comment       0x0000000000000043       0x44 ./Drivers/STM32F4xx_HAL_Driver/Src/stm32f4xx_ll_gpio.o
 .comment       0x0000000000000043       0x44 ./Drivers/STM32F4xx_HAL_Driver/Src/stm32f4xx_ll_i2c.o
 .comment       0x0000000000000043       0x44 ./Drivers/STM32F4xx_HAL_Driver/Src/stm32f4xx_ll_rcc.o
 .comment       0x0000000000000043       0x44 ./Drivers/STM32F4xx_HAL_Driver/Src/stm32f4xx_ll_usart.o
 .comment       0x0000000000000043       0x44 ./Drivers/STM32F4xx_HAL_Driver/Src/stm32f4xx_ll_utils.o

.debug_info     0x0000000000000000     0x641c
 .debug_info    0x0000000000000000     0x1859 ./Core/Src/kx023_ll.o
 .debug_info    0x0000000000001859     0x1abd ./Core/Src/main.o
 .debug_info    0x0000000000003316      0x276 ./Core/Src/stm32f4xx_it.o
 .debug_info    0x000000000000358c      0x50b ./Core/Src/system_stm32f4xx.o
 .debug_info    0x0000000000003a97       0x23 ./Core/Startup/startup_stm32f407zgtx.o
 .debug_info    0x0000000000003aba      0x330 ./Drivers/STM32F4xx_HAL_Driver/Src/stm32f4xx_ll_exti.o
 .debug_info    0x0000000000003dea      0x920 ./Drivers/STM32F4xx_HAL_Driver/Src/stm32f4xx_ll_gpio.o
 .debug_info    0x000000000000470a      0x5e1 ./Drivers/STM32F4xx_HAL_Driver/Src/stm32f4xx_ll_i2c.o
 .debug_info    0x0000000000004ceb      0x751 ./Drivers/STM32F4xx_HAL_Driver/Src/stm32f4xx_ll_rcc.o
 .debug_info    0x000000000000543c      0x6eb ./Drivers/STM32F4xx_HAL_Driver/Src/stm32f4xx_ll_usart.o
 .debug_info    0x0000000000005b27      0x8f5 ./Drivers/STM32F4xx_HAL_Driver/Src/stm32f4xx_ll_utils.o

.debug_abbrev   0x0000000000000000     0x14c9
 .debug_abbrev  0x0000000000000000      0x2f0 ./Core/Src/kx023_ll.o
 .debug_abbrev  0x00000000000002f0      0x3c3 ./Core/Src/main.o
 .debug_abbrev  0x00000000000006b3      0x175 ./Core/Src/stm32f4xx_it.o
 .debug_abbrev  0x0000000000000828      0x11a ./Core/Src/system_stm32f4xx.o
 .debug_abbrev  0x0000000000000942       0x12 ./Core/Startup/startup_stm32f407zgtx.o
 .debug_abbrev  0x0000000000000954      0x18a ./Drivers/STM32F4xx_HAL_Driver/Src/stm32f4xx_ll_exti.o
 .debug_abbrev  0x0000000000000ade      0x237 ./Drivers/STM32F4xx_HAL_Driver/Src/stm32f4xx_ll_gpio.o
 .debug_abbrev  0x0000000000000d15      0x1b3 ./Drivers/STM32F4xx_HAL_Driver/Src/stm32f4xx_ll_i2c.o
 .debug_abbrev  0x0000000000000ec8      0x1ec ./Drivers/STM32F4xx_HAL_Driver/Src/stm32f4xx_ll_rcc.o
 .debug_abbrev  0x00000000000010b4      0x1f2 ./Drivers/STM32F4xx_HAL_Driver/Src/stm32f4xx_ll_usart.o
 .debug_abbrev  0x00000000000012a6      0x223 ./Drivers/STM32F4xx_HAL_Driver/Src/stm32f4xx_ll_utils.o

.debug_aranges  0x0000000000000000      0x840
 .debug_aranges
                0x0000000000000000      0x248 ./Core/Src/kx023_ll.o
 .debug_aranges
                0x0000000000000248      0x140 ./Core/Src/main.o
 .debug_aranges
                0x0000000000000388       0x80 ./Core/Src/stm32f4xx_it.o
 .debug_aranges
                0x0000000000000408       0x28 ./Core/Src/system_stm32f4xx.o
 .debug_aranges
                0x0000000000000430       0x28 ./Core/Startup/startup_stm32f407zgtx.o
 .debug_aranges
                0x0000000000000458       0x70 ./Drivers/STM32F4xx_HAL_Driver/Src/stm32f4xx_ll_exti.o
 .debug_aranges
                0x00000000000004c8       0x70 ./Drivers/STM32F4xx_HAL_Driver/Src/stm32f4xx_ll_gpio.o
 .debug_aranges
                0x0000000000000538       0x70 ./Drivers/STM32F4xx_HAL_Driver/Src/stm32f4xx_ll_i2c.o
 .debug_aranges
                0x00000000000005a8      0x118 ./Drivers/STM32F4xx_HAL_Driver/Src/stm32f4xx_ll_rcc.o
 .debug_aranges
                0x00000000000006c0       0x88 ./Drivers/STM32F4xx_HAL_Driver/Src/stm32f4xx_ll_usart.o
 .debug_aranges
                0x0000000000000748       0xf8 ./Drivers/STM32F4xx_HAL_Driver/Src/stm32f4xx_ll_utils.o

.debug_rnglists
                0x0000000000000000      0x619
 .debug_rnglists
                0x0000000000000000      0x1c1 ./Core/Src/kx023_ll.o
 .debug_rnglists
                0x00000000000001c1       0xef ./Core/Src/main.o
 .debug_rnglists
                0x00000000000002b0       0x5b ./Core/Src/stm32f4xx_it.o
 .debug_rnglists
                0x000000000000030b       0x1a ./Core/Src/system_stm32f4xx.o
 .debug_rnglists
                0x0000000000000325       0x19 ./Core/Startup/startup_stm32f407zgtx.o
 .debug_rnglists
                0x000000000000033e       0x50 ./Drivers/STM32F4xx_HAL_Driver/Src/stm32f4xx_ll_exti.o
 .debug_rnglists
                0x000000000000038e       0x51 ./Drivers/STM32F4xx_HAL_Driver/Src/stm32f4xx_ll_gpio.o
 .debug_rnglists
                0x00000000000003df       0x50 ./Drivers/STM32F4xx_HAL_Driver/Src/stm32f4xx_ll_i2c.o
 .debug_rnglists
                0x000000000000042f       0xce ./Drivers/STM32F4xx_HAL_Driver/Src/stm32f4xx_ll_rcc.o
 .debug_rnglists
                0x00000000000004fd       0x64 ./Drivers/STM32F4xx_HAL_Driver/Src/stm32f4xx_ll_usart.o
 .debug_rnglists
                0x0000000000000561       0xb8 ./Drivers/STM32F4xx_HAL_Driver/Src/stm32f4xx_ll_utils.o

.debug_macro    0x0000000000000000    0x1be14
 .debug_macro   0x0000000000000000      0x1d1 ./Core/Src/kx023_ll.o
 .debug_macro   0x00000000000001d1      0xaea ./Core/Src/kx023_ll.o
 .debug_macro   0x0000000000000cbb       0x2e ./Core/Src/kx023_ll.o
 .debug_macro   0x0000000000000ce9       0x2f ./Core/Src/kx023_ll.o
 .debug_macro   0x0000000000000d18       0x22 ./Core/Src/kx023_ll.o
 .debug_macro   0x0000000000000d3a       0x8e ./Core/Src/kx023_ll.o
 .debug_macro   0x0000000000000dc8       0x51 ./Core/Src/kx023_ll.o
 .debug_macro   0x0000000000000e19      0x103 ./Core/Src/kx023_ll.o
 .debug_macro   0x0000000000000f1c       0x6a ./Core/Src/kx023_ll.o
 .debug_macro   0x0000000000000f86      0x1df ./Core/Src/kx023_ll.o
 .debug_macro   0x0000000000001165       0x1c ./Core/Src/kx023_ll.o
 .debug_macro   0x0000000000001181       0x22 ./Core/Src/kx023_ll.o
 .debug_macro   0x00000000000011a3       0xfb ./Core/Src/kx023_ll.o
 .debug_macro   0x000000000000129e     0x1011 ./Core/Src/kx023_ll.o
 .debug_macro   0x00000000000022af      0x11f ./Core/Src/kx023_ll.o
 .debug_macro   0x00000000000023ce    0x15e97 ./Core/Src/kx023_ll.o
 .debug_macro   0x0000000000018265       0x6d ./Core/Src/kx023_ll.o
 .debug_macro   0x00000000000182d2      0x167 ./Core/Src/kx023_ll.o
 .debug_macro   0x0000000000018439      0x149 ./Core/Src/kx023_ll.o
 .debug_macro   0x0000000000018582       0x61 ./Core/Src/kx023_ll.o
 .debug_macro   0x00000000000185e3       0x61 ./Core/Src/kx023_ll.o
 .debug_macro   0x0000000000018644       0x2a ./Core/Src/kx023_ll.o
 .debug_macro   0x000000000001866e       0x43 ./Core/Src/kx023_ll.o
 .debug_macro   0x00000000000186b1       0x34 ./Core/Src/kx023_ll.o
 .debug_macro   0x00000000000186e5      0x174 ./Core/Src/kx023_ll.o
 .debug_macro   0x0000000000018859       0x16 ./Core/Src/kx023_ll.o
 .debug_macro   0x000000000001886f       0x43 ./Core/Src/kx023_ll.o
 .debug_macro   0x00000000000188b2       0x34 ./Core/Src/kx023_ll.o
 .debug_macro   0x00000000000188e6       0x10 ./Core/Src/kx023_ll.o
 .debug_macro   0x00000000000188f6       0x58 ./Core/Src/kx023_ll.o
 .debug_macro   0x000000000001894e       0x8e ./Core/Src/kx023_ll.o
 .debug_macro   0x00000000000189dc       0x1c ./Core/Src/kx023_ll.o
 .debug_macro   0x00000000000189f8      0x177 ./Core/Src/kx023_ll.o
 .debug_macro   0x0000000000018b6f      0x369 ./Core/Src/kx023_ll.o
 .debug_macro   0x0000000000018ed8      0x19b ./Core/Src/kx023_ll.o
 .debug_macro   0x0000000000019073      0x442 ./Core/Src/kx023_ll.o
 .debug_macro   0x00000000000194b5       0x10 ./Core/Src/kx023_ll.o
 .debug_macro   0x00000000000194c5      0x222 ./Core/Src/main.o
 .debug_macro   0x00000000000196e7      0x781 ./Core/Src/main.o
 .debug_macro   0x0000000000019e68      0x1d5 ./Core/Src/main.o
 .debug_macro   0x000000000001a03d      0x20a ./Core/Src/main.o
 .debug_macro   0x000000000001a247       0xe8 ./Core/Src/main.o
 .debug_macro   0x000000000001a32f      0x1a6 ./Core/Src/main.o
 .debug_macro   0x000000000001a4d5       0xaa ./Core/Src/main.o
 .debug_macro   0x000000000001a57f      0x1e6 ./Core/Src/main.o
 .debug_macro   0x000000000001a765      0x1bb ./Core/Src/main.o
 .debug_macro   0x000000000001a920       0x22 ./Core/Src/main.o
 .debug_macro   0x000000000001a942      0x150 ./Core/Src/stm32f4xx_it.o
 .debug_macro   0x000000000001aa92       0xce ./Core/Src/system_stm32f4xx.o
 .debug_macro   0x000000000001ab60       0xf5 ./Drivers/STM32F4xx_HAL_Driver/Src/stm32f4xx_ll_exti.o
 .debug_macro   0x000000000001ac55       0xe2 ./Drivers/STM32F4xx_HAL_Driver/Src/stm32f4xx_ll_exti.o
 .debug_macro   0x000000000001ad37      0x110 ./Drivers/STM32F4xx_HAL_Driver/Src/stm32f4xx_ll_gpio.o
 .debug_macro   0x000000000001ae47      0x143 ./Drivers/STM32F4xx_HAL_Driver/Src/stm32f4xx_ll_gpio.o
 .debug_macro   0x000000000001af8a      0x119 ./Drivers/STM32F4xx_HAL_Driver/Src/stm32f4xx_ll_i2c.o
 .debug_macro   0x000000000001b0a3       0xfb ./Drivers/STM32F4xx_HAL_Driver/Src/stm32f4xx_ll_rcc.o
 .debug_macro   0x000000000001b19e      0x77b ./Drivers/STM32F4xx_HAL_Driver/Src/stm32f4xx_ll_rcc.o
 .debug_macro   0x000000000001b919      0x13d ./Drivers/STM32F4xx_HAL_Driver/Src/stm32f4xx_ll_usart.o
 .debug_macro   0x000000000001ba56      0x1b5 ./Drivers/STM32F4xx_HAL_Driver/Src/stm32f4xx_ll_usart.o
 .debug_macro   0x000000000001bc0b      0x1ae ./Drivers/STM32F4xx_HAL_Driver/Src/stm32f4xx_ll_utils.o
 .debug_macro   0x000000000001bdb9       0x5b ./Drivers/STM32F4xx_HAL_Driver/Src/stm32f4xx_ll_utils.o

.debug_line     0x0000000000000000     0x6142
 .debug_line    0x0000000000000000     0x144f ./Core/Src/kx023_ll.o
 .debug_line    0x000000000000144f      0xe07 ./Core/Src/main.o
 .debug_line    0x0000000000002256      0x76f ./Core/Src/stm32f4xx_it.o
 .debug_line    0x00000000000029c5      0x57a ./Core/Src/system_stm32f4xx.o
 .debug_line    0x0000000000002f3f       0x7a ./Core/Startup/startup_stm32f407zgtx.o
 .debug_line    0x0000000000002fb9      0x68b ./Drivers/STM32F4xx_HAL_Driver/Src/stm32f4xx_ll_exti.o
 .debug_line    0x0000000000003644      0x861 ./Drivers/STM32F4xx_HAL_Driver/Src/stm32f4xx_ll_gpio.o
 .debug_line    0x0000000000003ea5      0x727 ./Drivers/STM32F4xx_HAL_Driver/Src/stm32f4xx_ll_i2c.o
 .debug_line    0x00000000000045cc      0x9b0 ./Drivers/STM32F4xx_HAL_Driver/Src/stm32f4xx_ll_rcc.o
 .debug_line    0x0000000000004f7c      0x789 ./Drivers/STM32F4xx_HAL_Driver/Src/stm32f4xx_ll_usart.o
 .debug_line    0x0000000000005705      0xa3d ./Drivers/STM32F4xx_HAL_Driver/Src/stm32f4xx_ll_utils.o

.debug_str      0x0000000000000000    0x9cb62
 .debug_str     0x0000000000000000    0x8f72b ./Core/Src/kx023_ll.o
                                      0x8f96c (size before relaxing)
 .debug_str     0x000000000008f72b     0xa1a3 ./Core/Src/main.o
                                      0x992cf (size before relaxing)
 .debug_str     0x00000000000998ce      0x156 ./Core/Src/stm32f4xx_it.o
                                      0x930e3 (size before relaxing)
 .debug_str     0x0000000000099a24       0x77 ./Core/Src/system_stm32f4xx.o
                                      0x88611 (size before relaxing)
 .debug_str     0x0000000000099a9b       0x34 ./Core/Startup/startup_stm32f407zgtx.o
                                         0x74 (size before relaxing)
 .debug_str     0x0000000000099acf      0x30b ./Drivers/STM32F4xx_HAL_Driver/Src/stm32f4xx_ll_exti.o
                                      0x88cb7 (size before relaxing)
 .debug_str     0x0000000000099dda      0x62a ./Drivers/STM32F4xx_HAL_Driver/Src/stm32f4xx_ll_gpio.o
                                      0x8a037 (size before relaxing)
 .debug_str     0x000000000009a404      0x439 ./Drivers/STM32F4xx_HAL_Driver/Src/stm32f4xx_ll_i2c.o
                                      0x8e279 (size before relaxing)
 .debug_str     0x000000000009a83d      0x492 ./Drivers/STM32F4xx_HAL_Driver/Src/stm32f4xx_ll_rcc.o
                                      0x8cb23 (size before relaxing)
 .debug_str     0x000000000009accf      0x80d ./Drivers/STM32F4xx_HAL_Driver/Src/stm32f4xx_ll_usart.o
                                      0x8e965 (size before relaxing)
 .debug_str     0x000000000009b4dc     0x1686 ./Drivers/STM32F4xx_HAL_Driver/Src/stm32f4xx_ll_utils.o
                                      0x8f2b9 (size before relaxing)

.debug_frame    0x0000000000000000     0x2234
 .debug_frame   0x0000000000000000      0xa6c ./Core/Src/kx023_ll.o
 .debug_frame   0x0000000000000a6c      0x580 ./Core/Src/main.o
 .debug_frame   0x0000000000000fec      0x190 ./Core/Src/stm32f4xx_it.o
 .debug_frame   0x000000000000117c       0x58 ./Core/Src/system_stm32f4xx.o
 .debug_frame   0x00000000000011d4      0x1bc ./Drivers/STM32F4xx_HAL_Driver/Src/stm32f4xx_ll_exti.o
 .debug_frame   0x0000000000001390      0x1c0 ./Drivers/STM32F4xx_HAL_Driver/Src/stm32f4xx_ll_gpio.o
 .debug_frame   0x0000000000001550      0x1c0 ./Drivers/STM32F4xx_HAL_Driver/Src/stm32f4xx_ll_i2c.o
 .debug_frame   0x0000000000001710      0x460 ./Drivers/STM32F4xx_HAL_Driver/Src/stm32f4xx_ll_rcc.o
 .debug_frame   0x0000000000001b70      0x240 ./Drivers/STM32F4xx_HAL_Driver/Src/stm32f4xx_ll_usart.o
 .debug_frame   0x0000000000001db0      0x3f8 ./Drivers/STM32F4xx_HAL_Driver/Src/stm32f4xx_ll_utils.o
 .debug_frame   0x00000000000021a8       0x2c C:/ST/STM32CubeIDE_1.13.1/STM32CubeIDE/plugins/com.st.stm32cube.ide.mcu.externaltools.gnu-tools-for-stm32.11.3.rel1.win32_1.1.100.202309141235/tools/bin/../lib/gcc/arm-none-eabi/11.3.1/../../../../arm-none-eabi/lib/thumb/v7e-m+fp/hard\libc_nano.a(libc_a-init.o)
 .debug_frame   0x00000000000021d4       0x2c C:/ST/STM32CubeIDE_1.13.1/STM32CubeIDE/plugins/com.st.stm32cube.ide.mcu.externaltools.gnu-tools-for-stm32.11.3.rel1.win32_1.1.100.202309141235/tools/bin/../lib/gcc/arm-none-eabi/11.3.1/thumb/v7e-m+fp/hard\libgcc.a(_aeabi_uldivmod.o)
 .debug_frame   0x0000000000002200       0x34 C:/ST/STM32CubeIDE_1.13.1/STM32CubeIDE/plugins/com.st.stm32cube.ide.mcu.externaltools.gnu-tools-for-stm32.11.3.rel1.win32_1.1.100.202309141235/tools/bin/../lib/gcc/arm-none-eabi/11.3.1/thumb/v7e-m+fp/hard\libgcc.a(_udivmoddi4.o)

.debug_line_str
                0x0000000000000000       0x68
 .debug_line_str
                0x0000000000000000       0x68 ./Core/Startup/startup_stm32f407zgtx.o
                                         0x80 (size before relaxing)
