../Drivers/STM32F4xx_HAL_Driver/Inc/stm32f4xx_ll_i2c.h:1236:26:LL_I2C_IsActiveFlag_TXE	16	static
../Drivers/STM32F4xx_HAL_Driver/Inc/stm32f4xx_ll_i2c.h:1262:26:LL_I2C_IsActiveFlag_RXNE	16	static
../Drivers/STM32F4xx_HAL_Driver/Inc/stm32f4xx_ll_i2c.h:1275:26:LL_I2C_IsActiveFlag_SB	16	static
../Drivers/STM32F4xx_HAL_Driver/Inc/stm32f4xx_ll_i2c.h:1288:26:LL_I2C_IsActiveFlag_ADDR	16	static
../Drivers/STM32F4xx_HAL_Driver/Inc/stm32f4xx_ll_i2c.h:1314:26:LL_I2C_IsActiveFlag_AF	16	static
../Drivers/STM32F4xx_HAL_Driver/Inc/stm32f4xx_ll_i2c.h:1503:22:LL_I2C_ClearFlag_ADDR	24	static
../Drivers/STM32F4xx_HAL_Driver/Inc/stm32f4xx_ll_i2c.h:1518:22:LL_I2C_ClearFlag_AF	16	static
../Drivers/STM32F4xx_HAL_Driver/Inc/stm32f4xx_ll_i2c.h:1661:22:LL_I2C_AcknowledgeNextData	16	static
../Drivers/STM32F4xx_HAL_Driver/Inc/stm32f4xx_ll_i2c.h:1674:22:LL_I2C_GenerateStartCondition	16	static
../Drivers/STM32F4xx_HAL_Driver/Inc/stm32f4xx_ll_i2c.h:1685:22:LL_I2C_GenerateStopCondition	16	static
../Drivers/STM32F4xx_HAL_Driver/Inc/stm32f4xx_ll_i2c.h:1835:25:LL_I2C_ReceiveData8	16	static
../Drivers/STM32F4xx_HAL_Driver/Inc/stm32f4xx_ll_i2c.h:1847:22:LL_I2C_TransmitData8	16	static
../Drivers/STM32F4xx_HAL_Driver/Inc/stm32f4xx_ll_gpio.h:881:22:LL_GPIO_SetOutputPin	16	static
../Drivers/STM32F4xx_HAL_Driver/Inc/stm32f4xx_ll_gpio.h:910:22:LL_GPIO_ResetOutputPin	16	static
../Core/Src/kx023_ll.c:66:6:KX023_Init_I2C	24	static
../Core/Src/kx023_ll.c:73:6:KX023_Init_SPI	24	static
../Core/Src/kx023_ll.c:85:16:SPI_Transfer	16	static
../Core/Src/kx023_ll.c:96:12:KX023_ReadRegisters	48	static
../Core/Src/kx023_ll.c:180:12:KX023_WriteRegister	24	static
../Core/Src/kx023_ll.c:220:12:KX023_ReadRegister	24	static
../Core/Src/kx023_ll.c:228:13:KX023_SetBit	24	static
../Core/Src/kx023_ll.c:235:13:KX023_ClearBit	24	static
../Core/Src/kx023_ll.c:246:16:KX023_Begin	24	static
../Core/Src/kx023_ll.c:264:6:KX023_End	16	static
../Core/Src/kx023_ll.c:272:6:KX023_ClearInterrupt	16	static
../Core/Src/kx023_ll.c:276:6:KX023_ConfigPhysicalInterruptPin	48	static
../Core/Src/kx023_ll.c:289:6:KX023_SoftwareReset	16	static
../Core/Src/kx023_ll.c:294:6:KX023_SetStandbyMode	16	static
../Core/Src/kx023_ll.c:298:6:KX023_SetOperatingMode	16	static
../Core/Src/kx023_ll.c:302:24:KX023_GetInterruptType	24	static
../Core/Src/kx023_ll.c:326:16:KX023_ConfigAsynchronousReadBack	16	static
../Core/Src/kx023_ll.c:336:16:KX023_ReadAsynchronousData	40	static
../Core/Src/kx023_ll.c:356:16:KX023_ConfigSynchronousInterruptReadBack	16	static
../Core/Src/kx023_ll.c:367:16:KX023_ConfigBufferFullInterrupt	16	static
../Core/Src/kx023_ll.c:380:16:KX023_ReadBuffer	16	static
../Core/Src/kx023_ll.c:385:16:KX023_ConfigWakeUpFunction	48	static
../Core/Src/kx023_ll.c:399:16:KX023_ConfigActivateTiltPosition	48	static
../Core/Src/kx023_ll.c:413:16:KX023_ConfigActivateTapFunction	40	static
../Core/Src/kx023_ll.c:442:13:SetPerformanceLowCurrentMode	16	static
../Core/Src/kx023_ll.c:446:13:SetPerformanceHighResolutionMode	16	static
../Core/Src/kx023_ll.c:450:13:DisableNewAccelerationDataInterrupt	16	static
../Core/Src/kx023_ll.c:454:13:EnableNewAccelerationDataInterrupt	16	static
../Core/Src/kx023_ll.c:458:13:SetAccelerationDataRange	24	static
../Core/Src/kx023_ll.c:478:13:DisableTapFunction	16	static
../Core/Src/kx023_ll.c:482:13:EnableTapFunction	16	static
../Core/Src/kx023_ll.c:486:13:DisableWakeUpFunction	16	static
../Core/Src/kx023_ll.c:490:13:EnableWakeUpFunction	16	static
../Core/Src/kx023_ll.c:494:13:DisableTiltPositionFunction	16	static
../Core/Src/kx023_ll.c:498:13:EnableTiltPositionFunction	16	static
../Core/Src/kx023_ll.c:502:13:SetAccelerationDataRate	24	static
../Core/Src/kx023_ll.c:509:13:EnablePhysicalInterruptPin	32	static
../Core/Src/kx023_ll.c:526:13:ConfigPhysicalInterruptEvent	32	static
../Core/Src/kx023_ll.c:542:13:EnableSampleBuffer	16	static
../Core/Src/kx023_ll.c:546:13:SetSampleBufferResolution	16	static
../Core/Src/kx023_ll.c:551:13:EnableBufferFullInterrupt	16	static
../Core/Src/kx023_ll.c:555:13:SetTiltPositionFunctionOutputDataRate	24	static
../Core/Src/kx023_ll.c:562:13:SetDirectionalTapFunctionOutputDataRate	24	static
../Core/Src/kx023_ll.c:569:13:SetMotionWakeUpFunctionOutputDataRate	24	static
../Core/Src/kx023_ll.c:576:13:SetMotionWakeUpInterruptDirection	24	static
../Core/Src/kx023_ll.c:587:13:SetInterruptMotionWakeUpTimer	32	static
../Core/Src/kx023_ll.c:604:13:SetInterruptMotionWakeUpThreshold	32	static
../Core/Src/kx023_ll.c:609:13:SetTiltPositionInterruptDirection	24	static
../Core/Src/kx023_ll.c:620:13:ConfigTiltPositionTimer	32	static
../Core/Src/kx023_ll.c:633:13:SetTiltPositionHysteresisAngle	16	static
../Core/Src/kx023_ll.c:637:13:SetDirectionalTapInterruptDirection	24	static
../Core/Src/kx023_ll.c:648:13:EnableSingleTap	16	static
../Core/Src/kx023_ll.c:652:13:EnableDoubleTap	16	static
../Core/Src/kx023_ll.c:656:13:SetDoubleTapMinimumTimeSeparation	32	static
../Core/Src/kx023_ll.c:673:13:SetTapHighThresholdValue	16	static
../Core/Src/kx023_ll.c:677:13:SetTapLowThresholdValue	16	static
